{
  "mode": "nano",
  "records_per_namespace": 256,
  "namespaces": 3,
  "batch_size": 32,
  "embedding_delay_ms": 50.0,
  "repeats": 5,
  "median_seconds": 0.08505942858755589,
  "min_seconds": 0.08318248763680458,
  "max_seconds": 0.08562161214649677,
  "samples": [
    {
      "mode": "nano",
      "elapsed_seconds": 0.08562161214649677,
      "embedding_calls": 24,
      "embedded_texts": 768,
      "materialized_records": 768
    },
    {
      "mode": "nano",
      "elapsed_seconds": 0.08509324863553047,
      "embedding_calls": 24,
      "embedded_texts": 768,
      "materialized_records": 768
    },
    {
      "mode": "nano",
      "elapsed_seconds": 0.08393379859626293,
      "embedding_calls": 24,
      "embedded_texts": 768,
      "materialized_records": 768
    },
    {
      "mode": "nano",
      "elapsed_seconds": 0.08505942858755589,
      "embedding_calls": 24,
      "embedded_texts": 768,
      "materialized_records": 768
    },
    {
      "mode": "nano",
      "elapsed_seconds": 0.08318248763680458,
      "embedding_calls": 24,
      "embedded_texts": 768,
      "materialized_records": 768
    }
  ]
}
